--------- beginning of main
06-27 09:30:45.591 15577 24209 D mali_gralloc: register: id=24900006376, handle=0x7ccb3821e0, importpid=15577
06-27 09:30:45.592 15577 24209 D mali_gralloc: register: id=24900006377, handle=0x7ccb3822c0, importpid=15577
06-27 09:30:45.610 15577 15577 E ViewDragHelper: Ignoring pointerId=0 because ACTION_DOWN was not received for this pointer before ACTION_MOVE. It likely happened because  ViewDragHelper did not receive all the events in the event stream.
06-27 09:30:45.610 15577 15577 E ViewDragHelper: Ignoring pointerId=0 because ACTION_DOWN was not received for this pointer before ACTION_MOVE. It likely happened because  ViewDragHelper did not receive all the events in the event stream.
06-27 09:30:45.610 15577 15577 E ViewDragHelper: Ignoring pointerId=0 because ACTION_DOWN was not received for this pointer before ACTION_MOVE. It likely happened because  ViewDragHelper did not receive all the events in the event stream.
06-27 09:30:45.610 15577 15577 E ViewDragHelper: Ignoring pointerId=0 because ACTION_DOWN was not received for this pointer before ACTION_MOVE. It likely happened because  ViewDragHelper did not receive all the events in the event stream.
06-27 09:30:45.627 15577 15577 E ViewDragHelper: Ignoring pointerId=0 because ACTION_DOWN was not received for this pointer before ACTION_MOVE. It likely happened because  ViewDragHelper did not receive all the events in the event stream.
06-27 09:30:45.627 15577 15577 E ViewDragHelper: Ignoring pointerId=0 because ACTION_DOWN was not received for this pointer before ACTION_MOVE. It likely happened because  ViewDragHelper did not receive all the events in the event stream.
06-27 09:30:45.627 15577 15577 E ViewDragHelper: Ignoring pointerId=0 because ACTION_DOWN was not received for this pointer before ACTION_MOVE. It likely happened because  ViewDragHelper did not receive all the events in the event stream.
06-27 09:30:45.627 15577 15577 E ViewDragHelper: Ignoring pointerId=0 because ACTION_DOWN was not received for this pointer before ACTION_MOVE. It likely happened because  ViewDragHelper did not receive all the events in the event stream.
06-27 09:30:45.643 15577 15577 E ViewDragHelper: Ignoring pointerId=0 because ACTION_DOWN was not received for this pointer before ACTION_MOVE. It likely happened because  ViewDragHelper did not receive all the events in the event stream.
06-27 09:30:45.643 15577 15577 E ViewDragHelper: Ignoring pointerId=0 because ACTION_DOWN was not received for this pointer before ACTION_MOVE. It likely happened because  ViewDragHelper did not receive all the events in the event stream.
06-27 09:30:45.643 15577 15577 E ViewDragHelper: Ignoring pointerId=0 because ACTION_DOWN was not received for this pointer before ACTION_MOVE. It likely happened because  ViewDragHelper did not receive all the events in the event stream.
06-27 09:30:45.643 15577 15577 E ViewDragHelper: Ignoring pointerId=0 because ACTION_DOWN was not received for this pointer before ACTION_MOVE. It likely happened because  ViewDragHelper did not receive all the events in the event stream.
06-27 09:30:45.660 15577 15577 E ViewDragHelper: Ignoring pointerId=0 because ACTION_DOWN was not received for this pointer before ACTION_MOVE. It likely happened because  ViewDragHelper did not receive all the events in the event stream.
06-27 09:30:45.660 15577 15577 E ViewDragHelper: Ignoring pointerId=0 because ACTION_DOWN was not received for this pointer before ACTION_MOVE. It likely happened because  ViewDragHelper did not receive all the events in the event stream.
06-27 09:30:45.660 15577 15577 E ViewDragHelper: Ignoring pointerId=0 because ACTION_DOWN was not received for this pointer before ACTION_MOVE. It likely happened because  ViewDragHelper did not receive all the events in the event stream.
06-27 09:30:45.660 15577 15577 E ViewDragHelper: Ignoring pointerId=0 because ACTION_DOWN was not received for this pointer before ACTION_MOVE. It likely happened because  ViewDragHelper did not receive all the events in the event stream.
06-27 09:30:45.676 15577 15577 E ViewDragHelper: Ignoring pointerId=0 because ACTION_DOWN was not received for this pointer before ACTION_MOVE. It likely happened because  ViewDragHelper did not receive all the events in the event stream.
06-27 09:30:45.676 15577 15577 E ViewDragHelper: Ignoring pointerId=0 because ACTION_DOWN was not received for this pointer before ACTION_MOVE. It likely happened because  ViewDragHelper did not receive all the events in the event stream.
06-27 09:30:45.676 15577 15577 E ViewDragHelper: Ignoring pointerId=0 because ACTION_DOWN was not received for this pointer before ACTION_MOVE. It likely happened because  ViewDragHelper did not receive all the events in the event stream.
06-27 09:30:45.676 15577 15577 E ViewDragHelper: Ignoring pointerId=0 because ACTION_DOWN was not received for this pointer before ACTION_MOVE. It likely happened because  ViewDragHelper did not receive all the events in the event stream.
06-27 09:30:45.693 15577 15577 E ViewDragHelper: Ignoring pointerId=0 because ACTION_DOWN was not received for this pointer before ACTION_MOVE. It likely happened because  ViewDragHelper did not receive all the events in the event stream.
06-27 09:30:45.694 15577 15577 E ViewDragHelper: Ignoring pointerId=0 because ACTION_DOWN was not received for this pointer before ACTION_MOVE. It likely happened because  ViewDragHelper did not receive all the events in the event stream.
06-27 09:30:45.694 15577 15577 E ViewDragHelper: Ignoring pointerId=0 because ACTION_DOWN was not received for this pointer before ACTION_MOVE. It likely happened because  ViewDragHelper did not receive all the events in the event stream.
06-27 09:30:45.694 15577 15577 E ViewDragHelper: Ignoring pointerId=0 because ACTION_DOWN was not received for this pointer before ACTION_MOVE. It likely happened because  ViewDragHelper did not receive all the events in the event stream.
06-27 09:30:45.710 15577 15577 E ViewDragHelper: Ignoring pointerId=0 because ACTION_DOWN was not received for this pointer before ACTION_MOVE. It likely happened because  ViewDragHelper did not receive all the events in the event stream.
06-27 09:30:45.711 15577 15577 E ViewDragHelper: Ignoring pointerId=0 because ACTION_DOWN was not received for this pointer before ACTION_MOVE. It likely happened because  ViewDragHelper did not receive all the events in the event stream.
06-27 09:30:45.711 15577 15577 E ViewDragHelper: Ignoring pointerId=0 because ACTION_DOWN was not received for this pointer before ACTION_MOVE. It likely happened because  ViewDragHelper did not receive all the events in the event stream.
06-27 09:30:45.711 15577 15577 E ViewDragHelper: Ignoring pointerId=0 because ACTION_DOWN was not received for this pointer before ACTION_MOVE. It likely happened because  ViewDragHelper did not receive all the events in the event stream.
06-27 09:30:45.711 15577 15577 W WindowOnBackDispatcher: sendCancelIfRunning: isInProgress=false callback=android.view.ViewRootImpl$$ExternalSyntheticLambda11@6ae26d9
06-27 09:30:45.727 15577 15577 E ViewDragHelper: Ignoring pointerId=0 because ACTION_DOWN was not received for this pointer before ACTION_MOVE. It likely happened because  ViewDragHelper did not receive all the events in the event stream.
06-27 09:30:45.727 15577 15577 E ViewDragHelper: Ignoring pointerId=0 because ACTION_DOWN was not received for this pointer before ACTION_MOVE. It likely happened because  ViewDragHelper did not receive all the events in the event stream.
06-27 09:30:45.727 15577 15577 E ViewDragHelper: Ignoring pointerId=0 because ACTION_DOWN was not received for this pointer before ACTION_MOVE. It likely happened because  ViewDragHelper did not receive all the events in the event stream.
06-27 09:30:45.727 15577 15577 E ViewDragHelper: Ignoring pointerId=0 because ACTION_DOWN was not received for this pointer before ACTION_MOVE. It likely happened because  ViewDragHelper did not receive all the events in the event stream.
06-27 09:30:45.728 15577 15587 D mali_gralloc: unregister: id=24900006375, handle=0x7ccb382020, base=0x0, importpid=15577, clone_count=0
06-27 09:30:45.744 15577 15577 E ViewDragHelper: Ignoring pointerId=0 because ACTION_DOWN was not received for this pointer before ACTION_MOVE. It likely happened because  ViewDragHelper did not receive all the events in the event stream.
06-27 09:30:45.744 15577 15577 E ViewDragHelper: Ignoring pointerId=0 because ACTION_DOWN was not received for this pointer before ACTION_MOVE. It likely happened because  ViewDragHelper did not receive all the events in the event stream.
06-27 09:30:45.744 15577 15577 E ViewDragHelper: Ignoring pointerId=0 because ACTION_DOWN was not received for this pointer before ACTION_MOVE. It likely happened because  ViewDragHelper did not receive all the events in the event stream.
06-27 09:30:45.744 15577 15577 E ViewDragHelper: Ignoring pointerId=0 because ACTION_DOWN was not received for this pointer before ACTION_MOVE. It likely happened because  ViewDragHelper did not receive all the events in the event stream.
06-27 09:30:45.744 15577 15587 D mali_gralloc: unregister: id=24900006377, handle=0x7ccb3822c0, base=0x0, importpid=15577, clone_count=0
06-27 09:30:45.745 15577 15587 D mali_gralloc: unregister: id=24900006374, handle=0x7ccb381bc0, base=0x0, importpid=15577, clone_count=0
06-27 09:30:45.745 15577 15587 D mali_gralloc: unregister: id=24900006376, handle=0x7ccb3821e0, base=0x0, importpid=15577, clone_count=0
06-27 09:30:45.760 15577 15577 E ViewDragHelper: Ignoring pointerId=0 because ACTION_DOWN was not received for this pointer before ACTION_MOVE. It likely happened because  ViewDragHelper did not receive all the events in the event stream.
06-27 09:30:45.761 15577 15577 E ViewDragHelper: Ignoring pointerId=0 because ACTION_DOWN was not received for this pointer before ACTION_MOVE. It likely happened because  ViewDragHelper did not receive all the events in the event stream.
06-27 09:30:45.761 15577 15577 E ViewDragHelper: Ignoring pointerId=0 because ACTION_DOWN was not received for this pointer before ACTION_MOVE. It likely happened because  ViewDragHelper did not receive all the events in the event stream.
06-27 09:30:45.761 15577 15577 E ViewDragHelper: Ignoring pointerId=0 because ACTION_DOWN was not received for this pointer before ACTION_MOVE. It likely happened because  ViewDragHelper did not receive all the events in the event stream.
06-27 09:30:45.777 15577 15577 E ViewDragHelper: Ignoring pointerId=0 because ACTION_DOWN was not received for this pointer before ACTION_MOVE. It likely happened because  ViewDragHelper did not receive all the events in the event stream.
06-27 09:30:45.778 15577 15577 E ViewDragHelper: Ignoring pointerId=0 because ACTION_DOWN was not received for this pointer before ACTION_MOVE. It likely happened because  ViewDragHelper did not receive all the events in the event stream.
06-27 09:30:45.778 15577 15577 E ViewDragHelper: Ignoring pointerId=0 because ACTION_DOWN was not received for this pointer before ACTION_MOVE. It likely happened because  ViewDragHelper did not receive all the events in the event stream.
06-27 09:30:45.778 15577 15577 E ViewDragHelper: Ignoring pointerId=0 because ACTION_DOWN was not received for this pointer before ACTION_MOVE. It likely happened because  ViewDragHelper did not receive all the events in the event stream.
06-27 09:30:45.793 15577 15577 E ViewDragHelper: Ignoring pointerId=0 because ACTION_DOWN was not received for this pointer before ACTION_MOVE. It likely happened because  ViewDragHelper did not receive all the events in the event stream.
06-27 09:30:45.794 15577 15577 E ViewDragHelper: Ignoring pointerId=0 because ACTION_DOWN was not received for this pointer before ACTION_MOVE. It likely happened because  ViewDragHelper did not receive all the events in the event stream.
06-27 09:30:45.794 15577 15577 E ViewDragHelper: Ignoring pointerId=0 because ACTION_DOWN was not received for this pointer before ACTION_MOVE. It likely happened because  ViewDragHelper did not receive all the events in the event stream.
06-27 09:30:45.794 15577 15577 E ViewDragHelper: Ignoring pointerId=0 because ACTION_DOWN was not received for this pointer before ACTION_MOVE. It likely happened because  ViewDragHelper did not receive all the events in the event stream.
06-27 09:30:45.811 15577 15577 E ViewDragHelper: Ignoring pointerId=0 because ACTION_DOWN was not received for this pointer before ACTION_MOVE. It likely happened because  ViewDragHelper did not receive all the events in the event stream.
06-27 09:30:45.811 15577 15577 E ViewDragHelper: Ignoring pointerId=0 because ACTION_DOWN was not received for this pointer before ACTION_MOVE. It likely happened because  ViewDragHelper did not receive all the events in the event stream.
06-27 09:30:45.811 15577 15577 E ViewDragHelper: Ignoring pointerId=0 because ACTION_DOWN was not received for this pointer before ACTION_MOVE. It likely happened because  ViewDragHelper did not receive all the events in the event stream.
06-27 09:30:45.811 15577 15577 E ViewDragHelper: Ignoring pointerId=0 because ACTION_DOWN was not received for this pointer before ACTION_MOVE. It likely happened because  ViewDragHelper did not receive all the events in the event stream.
06-27 09:30:45.827 15577 15577 E ViewDragHelper: Ignoring pointerId=0 because ACTION_DOWN was not received for this pointer before ACTION_MOVE. It likely happened because  ViewDragHelper did not receive all the events in the event stream.
06-27 09:30:45.828 15577 15577 E ViewDragHelper: Ignoring pointerId=0 because ACTION_DOWN was not received for this pointer before ACTION_MOVE. It likely happened because  ViewDragHelper did not receive all the events in the event stream.
06-27 09:30:45.828 15577 15577 E ViewDragHelper: Ignoring pointerId=0 because ACTION_DOWN was not received for this pointer before ACTION_MOVE. It likely happened because  ViewDragHelper did not receive all the events in the event stream.
06-27 09:30:45.828 15577 15577 E ViewDragHelper: Ignoring pointerId=0 because ACTION_DOWN was not received for this pointer before ACTION_MOVE. It likely happened because  ViewDragHelper did not receive all the events in the event stream.
06-27 09:30:45.844 15577 15577 E ViewDragHelper: Ignoring pointerId=0 because ACTION_DOWN was not received for this pointer before ACTION_MOVE. It likely happened because  ViewDragHelper did not receive all the events in the event stream.
06-27 09:30:45.844 15577 15577 E ViewDragHelper: Ignoring pointerId=0 because ACTION_DOWN was not received for this pointer before ACTION_MOVE. It likely happened because  ViewDragHelper did not receive all the events in the event stream.
06-27 09:30:45.844 15577 15577 E ViewDragHelper: Ignoring pointerId=0 because ACTION_DOWN was not received for this pointer before ACTION_MOVE. It likely happened because  ViewDragHelper did not receive all the events in the event stream.
06-27 09:30:45.844 15577 15577 E ViewDragHelper: Ignoring pointerId=0 because ACTION_DOWN was not received for this pointer before ACTION_MOVE. It likely happened because  ViewDragHelper did not receive all the events in the event stream.
06-27 09:30:45.861 15577 15577 E ViewDragHelper: Ignoring pointerId=0 because ACTION_DOWN was not received for this pointer before ACTION_MOVE. It likely happened because  ViewDragHelper did not receive all the events in the event stream.
06-27 09:30:45.861 15577 15577 E ViewDragHelper: Ignoring pointerId=0 because ACTION_DOWN was not received for this pointer before ACTION_MOVE. It likely happened because  ViewDragHelper did not receive all the events in the event stream.
06-27 09:30:45.861 15577 15577 E ViewDragHelper: Ignoring pointerId=0 because ACTION_DOWN was not received for this pointer before ACTION_MOVE. It likely happened because  ViewDragHelper did not receive all the events in the event stream.
06-27 09:30:45.861 15577 15577 E ViewDragHelper: Ignoring pointerId=0 because ACTION_DOWN was not received for this pointer before ACTION_MOVE. It likely happened because  ViewDragHelper did not receive all the events in the event stream.
06-27 09:30:45.877 15577 15577 E ViewDragHelper: Ignoring pointerId=0 because ACTION_DOWN was not received for this pointer before ACTION_MOVE. It likely happened because  ViewDragHelper did not receive all the events in the event stream.
06-27 09:30:45.877 15577 15577 E ViewDragHelper: Ignoring pointerId=0 because ACTION_DOWN was not received for this pointer before ACTION_MOVE. It likely happened because  ViewDragHelper did not receive all the events in the event stream.
06-27 09:30:45.877 15577 15577 E ViewDragHelper: Ignoring pointerId=0 because ACTION_DOWN was not received for this pointer before ACTION_MOVE. It likely happened because  ViewDragHelper did not receive all the events in the event stream.
06-27 09:30:45.877 15577 15577 E ViewDragHelper: Ignoring pointerId=0 because ACTION_DOWN was not received for this pointer before ACTION_MOVE. It likely happened because  ViewDragHelper did not receive all the events in the event stream.
06-27 09:30:45.894 15577 15577 E ViewDragHelper: Ignoring pointerId=0 because ACTION_DOWN was not received for this pointer before ACTION_MOVE. It likely happened because  ViewDragHelper did not receive all the events in the event stream.
06-27 09:30:45.894 15577 15577 E ViewDragHelper: Ignoring pointerId=0 because ACTION_DOWN was not received for this pointer before ACTION_MOVE. It likely happened because  ViewDragHelper did not receive all the events in the event stream.
06-27 09:30:45.894 15577 15577 E ViewDragHelper: Ignoring pointerId=0 because ACTION_DOWN was not received for this pointer before ACTION_MOVE. It likely happened because  ViewDragHelper did not receive all the events in the event stream.
06-27 09:30:45.894 15577 15577 E ViewDragHelper: Ignoring pointerId=0 because ACTION_DOWN was not received for this pointer before ACTION_MOVE. It likely happened because  ViewDragHelper did not receive all the events in the event stream.
06-27 09:30:45.910 15577 15577 E ViewDragHelper: Ignoring pointerId=0 because ACTION_DOWN was not received for this pointer before ACTION_MOVE. It likely happened because  ViewDragHelper did not receive all the events in the event stream.
06-27 09:30:45.911 15577 15577 E ViewDragHelper: Ignoring pointerId=0 because ACTION_DOWN was not received for this pointer before ACTION_MOVE. It likely happened because  ViewDragHelper did not receive all the events in the event stream.
06-27 09:30:45.911 15577 15577 E ViewDragHelper: Ignoring pointerId=0 because ACTION_DOWN was not received for this pointer before ACTION_MOVE. It likely happened because  ViewDragHelper did not receive all the events in the event stream.
06-27 09:30:45.911 15577 15577 E ViewDragHelper: Ignoring pointerId=0 because ACTION_DOWN was not received for this pointer before ACTION_MOVE. It likely happened because  ViewDragHelper did not receive all the events in the event stream.
06-27 09:30:45.927 15577 15577 E ViewDragHelper: Ignoring pointerId=0 because ACTION_DOWN was not received for this pointer before ACTION_MOVE. It likely happened because  ViewDragHelper did not receive all the events in the event stream.
06-27 09:30:45.927 15577 15577 E ViewDragHelper: Ignoring pointerId=0 because ACTION_DOWN was not received for this pointer before ACTION_MOVE. It likely happened because  ViewDragHelper did not receive all the events in the event stream.
06-27 09:30:45.927 15577 15577 E ViewDragHelper: Ignoring pointerId=0 because ACTION_DOWN was not received for this pointer before ACTION_MOVE. It likely happened because  ViewDragHelper did not receive all the events in the event stream.
06-27 09:30:45.928 15577 15577 E ViewDragHelper: Ignoring pointerId=0 because ACTION_DOWN was not received for this pointer before ACTION_MOVE. It likely happened because  ViewDragHelper did not receive all the events in the event stream.
06-27 09:30:45.944 15577 15577 E ViewDragHelper: Ignoring pointerId=0 because ACTION_DOWN was not received for this pointer before ACTION_MOVE. It likely happened because  ViewDragHelper did not receive all the events in the event stream.
06-27 09:30:45.944 15577 15577 E ViewDragHelper: Ignoring pointerId=0 because ACTION_DOWN was not received for this pointer before ACTION_MOVE. It likely happened because  ViewDragHelper did not receive all the events in the event stream.
06-27 09:30:45.944 15577 15577 E ViewDragHelper: Ignoring pointerId=0 because ACTION_DOWN was not received for this pointer before ACTION_MOVE. It likely happened because  ViewDragHelper did not receive all the events in the event stream.
06-27 09:30:45.945 15577 15577 E ViewDragHelper: Ignoring pointerId=0 because ACTION_DOWN was not received for this pointer before ACTION_MOVE. It likely happened because  ViewDragHelper did not receive all the events in the event stream.
06-27 09:30:45.960 15577 15577 E ViewDragHelper: Ignoring pointerId=0 because ACTION_DOWN was not received for this pointer before ACTION_MOVE. It likely happened because  ViewDragHelper did not receive all the events in the event stream.
06-27 09:30:45.960 15577 15577 E ViewDragHelper: Ignoring pointerId=0 because ACTION_DOWN was not received for this pointer before ACTION_MOVE. It likely happened because  ViewDragHelper did not receive all the events in the event stream.
06-27 09:30:45.960 15577 15577 E ViewDragHelper: Ignoring pointerId=0 because ACTION_DOWN was not received for this pointer before ACTION_MOVE. It likely happened because  ViewDragHelper did not receive all the events in the event stream.
06-27 09:30:45.960 15577 15577 E ViewDragHelper: Ignoring pointerId=0 because ACTION_DOWN was not received for this pointer before ACTION_MOVE. It likely happened because  ViewDragHelper did not receive all the events in the event stream.
06-27 09:30:45.977 15577 15577 E ViewDragHelper: Ignoring pointerId=0 because ACTION_DOWN was not received for this pointer before ACTION_MOVE. It likely happened because  ViewDragHelper did not receive all the events in the event stream.
06-27 09:30:45.977 15577 15577 E ViewDragHelper: Ignoring pointerId=0 because ACTION_DOWN was not received for this pointer before ACTION_MOVE. It likely happened because  ViewDragHelper did not receive all the events in the event stream.
06-27 09:30:45.977 15577 15577 E ViewDragHelper: Ignoring pointerId=0 because ACTION_DOWN was not received for this pointer before ACTION_MOVE. It likely happened because  ViewDragHelper did not receive all the events in the event stream.
06-27 09:30:45.977 15577 15577 E ViewDragHelper: Ignoring pointerId=0 because ACTION_DOWN was not received for this pointer before ACTION_MOVE. It likely happened because  ViewDragHelper did not receive all the events in the event stream.
06-27 09:30:45.994 15577 15577 E ViewDragHelper: Ignoring pointerId=0 because ACTION_DOWN was not received for this pointer before ACTION_MOVE. It likely happened because  ViewDragHelper did not receive all the events in the event stream.
06-27 09:30:45.994 15577 15577 E ViewDragHelper: Ignoring pointerId=0 because ACTION_DOWN was not received for this pointer before ACTION_MOVE. It likely happened because  ViewDragHelper did not receive all the events in the event stream.
06-27 09:30:45.994 15577 15577 E ViewDragHelper: Ignoring pointerId=0 because ACTION_DOWN was not received for this pointer before ACTION_MOVE. It likely happened because  ViewDragHelper did not receive all the events in the event stream.
06-27 09:30:45.994 15577 15577 E ViewDragHelper: Ignoring pointerId=0 because ACTION_DOWN was not received for this pointer before ACTION_MOVE. It likely happened because  ViewDragHelper did not receive all the events in the event stream.
06-27 09:30:46.010 15577 15577 E ViewDragHelper: Ignoring pointerId=0 because ACTION_DOWN was not received for this pointer before ACTION_MOVE. It likely happened because  ViewDragHelper did not receive all the events in the event stream.
06-27 09:30:46.010 15577 15577 E ViewDragHelper: Ignoring pointerId=0 because ACTION_DOWN was not received for this pointer before ACTION_MOVE. It likely happened because  ViewDragHelper did not receive all the events in the event stream.
06-27 09:30:46.010 15577 15577 E ViewDragHelper: Ignoring pointerId=0 because ACTION_DOWN was not received for this pointer before ACTION_MOVE. It likely happened because  ViewDragHelper did not receive all the events in the event stream.
06-27 09:30:46.011 15577 15577 E ViewDragHelper: Ignoring pointerId=0 because ACTION_DOWN was not received for this pointer before ACTION_MOVE. It likely happened because  ViewDragHelper did not receive all the events in the event stream.
06-27 09:30:46.027 15577 15577 E ViewDragHelper: Ignoring pointerId=0 because ACTION_DOWN was not received for this pointer before ACTION_MOVE. It likely happened because  ViewDragHelper did not receive all the events in the event stream.
06-27 09:30:46.027 15577 15577 E ViewDragHelper: Ignoring pointerId=0 because ACTION_DOWN was not received for this pointer before ACTION_MOVE. It likely happened because  ViewDragHelper did not receive all the events in the event stream.
06-27 09:30:46.027 15577 15577 E ViewDragHelper: Ignoring pointerId=0 because ACTION_DOWN was not received for this pointer before ACTION_MOVE. It likely happened because  ViewDragHelper did not receive all the events in the event stream.
06-27 09:30:46.027 15577 15577 E ViewDragHelper: Ignoring pointerId=0 because ACTION_DOWN was not received for this pointer before ACTION_MOVE. It likely happened because  ViewDragHelper did not receive all the events in the event stream.
06-27 09:30:46.044 15577 15577 E ViewDragHelper: Ignoring pointerId=0 because ACTION_DOWN was not received for this pointer before ACTION_MOVE. It likely happened because  ViewDragHelper did not receive all the events in the event stream.
06-27 09:30:46.044 15577 15577 E ViewDragHelper: Ignoring pointerId=0 because ACTION_DOWN was not received for this pointer before ACTION_MOVE. It likely happened because  ViewDragHelper did not receive all the events in the event stream.
06-27 09:30:46.044 15577 15577 E ViewDragHelper: Ignoring pointerId=0 because ACTION_DOWN was not received for this pointer before ACTION_MOVE. It likely happened because  ViewDragHelper did not receive all the events in the event stream.
06-27 09:30:46.044 15577 15577 E ViewDragHelper: Ignoring pointerId=0 because ACTION_DOWN was not received for this pointer before ACTION_MOVE. It likely happened because  ViewDragHelper did not receive all the events in the event stream.
06-27 09:30:46.061 15577 15577 E ViewDragHelper: Ignoring pointerId=0 because ACTION_DOWN was not received for this pointer before ACTION_MOVE. It likely happened because  ViewDragHelper did not receive all the events in the event stream.
06-27 09:30:46.061 15577 15577 E ViewDragHelper: Ignoring pointerId=0 because ACTION_DOWN was not received for this pointer before ACTION_MOVE. It likely happened because  ViewDragHelper did not receive all the events in the event stream.
06-27 09:30:46.061 15577 15577 E ViewDragHelper: Ignoring pointerId=0 because ACTION_DOWN was not received for this pointer before ACTION_MOVE. It likely happened because  ViewDragHelper did not receive all the events in the event stream.
06-27 09:30:46.062 15577 15577 E ViewDragHelper: Ignoring pointerId=0 because ACTION_DOWN was not received for this pointer before ACTION_MOVE. It likely happened because  ViewDragHelper did not receive all the events in the event stream.
06-27 09:30:46.080 15577 15577 E ViewDragHelper: Ignoring pointerId=0 because ACTION_DOWN was not received for this pointer before ACTION_MOVE. It likely happened because  ViewDragHelper did not receive all the events in the event stream.
06-27 09:30:46.080 15577 15577 E ViewDragHelper: Ignoring pointerId=0 because ACTION_DOWN was not received for this pointer before ACTION_MOVE. It likely happened because  ViewDragHelper did not receive all the events in the event stream.
06-27 09:30:46.081 15577 15577 E ViewDragHelper: Ignoring pointerId=0 because ACTION_DOWN was not received for this pointer before ACTION_MOVE. It likely happened because  ViewDragHelper did not receive all the events in the event stream.
06-27 09:30:46.081 15577 15577 E ViewDragHelper: Ignoring pointerId=0 because ACTION_DOWN was not received for this pointer before ACTION_MOVE. It likely happened because  ViewDragHelper did not receive all the events in the event stream.
06-27 09:30:46.093 15577 15577 E ViewDragHelper: Ignoring pointerId=0 because ACTION_DOWN was not received for this pointer before ACTION_MOVE. It likely happened because  ViewDragHelper did not receive all the events in the event stream.
06-27 09:30:46.093 15577 15577 E ViewDragHelper: Ignoring pointerId=0 because ACTION_DOWN was not received for this pointer before ACTION_MOVE. It likely happened because  ViewDragHelper did not receive all the events in the event stream.
06-27 09:30:46.094 15577 15577 E ViewDragHelper: Ignoring pointerId=0 because ACTION_DOWN was not received for this pointer before ACTION_MOVE. It likely happened because  ViewDragHelper did not receive all the events in the event stream.
06-27 09:30:46.094 15577 15577 E ViewDragHelper: Ignoring pointerId=0 because ACTION_DOWN was not received for this pointer before ACTION_MOVE. It likely happened because  ViewDragHelper did not receive all the events in the event stream.
06-27 09:30:46.110 15577 15577 E ViewDragHelper: Ignoring pointerId=0 because ACTION_DOWN was not received for this pointer before ACTION_MOVE. It likely happened because  ViewDragHelper did not receive all the events in the event stream.
06-27 09:30:46.110 15577 15577 E ViewDragHelper: Ignoring pointerId=0 because ACTION_DOWN was not received for this pointer before ACTION_MOVE. It likely happened because  ViewDragHelper did not receive all the events in the event stream.
06-27 09:30:46.110 15577 15577 E ViewDragHelper: Ignoring pointerId=0 because ACTION_DOWN was not received for this pointer before ACTION_MOVE. It likely happened because  ViewDragHelper did not receive all the events in the event stream.
06-27 09:30:46.110 15577 15577 E ViewDragHelper: Ignoring pointerId=0 because ACTION_DOWN was not received for this pointer before ACTION_MOVE. It likely happened because  ViewDragHelper did not receive all the events in the event stream.
06-27 09:30:46.127 15577 15577 E ViewDragHelper: Ignoring pointerId=0 because ACTION_DOWN was not received for this pointer before ACTION_MOVE. It likely happened because  ViewDragHelper did not receive all the events in the event stream.
06-27 09:30:46.127 15577 15577 E ViewDragHelper: Ignoring pointerId=0 because ACTION_DOWN was not received for this pointer before ACTION_MOVE. It likely happened because  ViewDragHelper did not receive all the events in the event stream.
06-27 09:30:46.127 15577 15577 E ViewDragHelper: Ignoring pointerId=0 because ACTION_DOWN was not received for this pointer before ACTION_MOVE. It likely happened because  ViewDragHelper did not receive all the events in the event stream.
06-27 09:30:46.127 15577 15577 E ViewDragHelper: Ignoring pointerId=0 because ACTION_DOWN was not received for this pointer before ACTION_MOVE. It likely happened because  ViewDragHelper did not receive all the events in the event stream.
06-27 09:30:46.143 15577 15577 E ViewDragHelper: Ignoring pointerId=0 because ACTION_DOWN was not received for this pointer before ACTION_MOVE. It likely happened because  ViewDragHelper did not receive all the events in the event stream.
06-27 09:30:46.144 15577 15577 E ViewDragHelper: Ignoring pointerId=0 because ACTION_DOWN was not received for this pointer before ACTION_MOVE. It likely happened because  ViewDragHelper did not receive all the events in the event stream.
06-27 09:30:46.144 15577 15577 E ViewDragHelper: Ignoring pointerId=0 because ACTION_DOWN was not received for this pointer before ACTION_MOVE. It likely happened because  ViewDragHelper did not receive all the events in the event stream.
06-27 09:30:46.144 15577 15577 E ViewDragHelper: Ignoring pointerId=0 because ACTION_DOWN was not received for this pointer before ACTION_MOVE. It likely happened because  ViewDragHelper did not receive all the events in the event stream.
06-27 09:30:46.160 15577 15577 E ViewDragHelper: Ignoring pointerId=0 because ACTION_DOWN was not received for this pointer before ACTION_MOVE. It likely happened because  ViewDragHelper did not receive all the events in the event stream.
06-27 09:30:46.160 15577 15577 E ViewDragHelper: Ignoring pointerId=0 because ACTION_DOWN was not received for this pointer before ACTION_MOVE. It likely happened because  ViewDragHelper did not receive all the events in the event stream.
06-27 09:30:46.160 15577 15577 E ViewDragHelper: Ignoring pointerId=0 because ACTION_DOWN was not received for this pointer before ACTION_MOVE. It likely happened because  ViewDragHelper did not receive all the events in the event stream.
06-27 09:30:46.160 15577 15577 E ViewDragHelper: Ignoring pointerId=0 because ACTION_DOWN was not received for this pointer before ACTION_MOVE. It likely happened because  ViewDragHelper did not receive all the events in the event stream.
06-27 09:30:46.493 15577 24210 D mali_gralloc: register: id=24900006378, handle=0x7cda294bc0, importpid=15577
06-27 09:30:46.495 15577 24210 D mali_gralloc: register: id=24900006379, handle=0x7cda2951e0, importpid=15577
06-27 09:30:46.496 15577 24210 D mali_gralloc: register: id=2490000637a, handle=0x7cda295480, importpid=15577
06-27 09:30:46.497 15577 24210 D mali_gralloc: register: id=2490000637b, handle=0x7cda295720, importpid=15577
06-27 09:30:46.627 15577 15577 W WindowOnBackDispatcher: sendCancelIfRunning: isInProgress=false callback=android.view.ViewRootImpl$$ExternalSyntheticLambda11@e75b95f
06-27 09:30:46.645 15577 15587 D mali_gralloc: unregister: id=2490000637b, handle=0x7cda295720, base=0x0, importpid=15577, clone_count=0
06-27 09:30:46.662 15577 15587 D mali_gralloc: unregister: id=2490000637a, handle=0x7cda295480, base=0x0, importpid=15577, clone_count=0
06-27 09:30:46.663 15577 15587 D mali_gralloc: unregister: id=24900006378, handle=0x7cda294bc0, base=0x0, importpid=15577, clone_count=0
06-27 09:30:46.663 15577 15587 D mali_gralloc: unregister: id=24900006379, handle=0x7cda2951e0, base=0x0, importpid=15577, clone_count=0
06-27 09:30:47.722 15577 15577 W WindowOnBackDispatcher: sendCancelIfRunning: isInProgress=false callback=android.view.ViewRootImpl$$ExternalSyntheticLambda11@31c44fa
06-27 09:30:47.724 15577 15594 D mali_gralloc: unregister: id=24900006372, handle=0x7ccb381d80, base=0x0, importpid=15577, clone_count=0
06-27 09:30:47.725 15577 15594 D mali_gralloc: unregister: id=24900006371, handle=0x7ccb381ca0, base=0x0, importpid=15577, clone_count=0
06-27 09:30:47.731 15577 15577 D mali_gralloc: unregister: id=24900006373, handle=0x7ccb381e60, base=0x0, importpid=15577, clone_count=0
06-27 09:30:47.731 15577 15577 D mali_gralloc: unregister: id=24900006370, handle=0x7ccb380a40, base=0x0, importpid=15577, clone_count=0
06-27 09:30:49.825 15577 24211 D mali_gralloc: register: id=2490000637c, handle=0x7cda295720, importpid=15577
06-27 09:30:49.828 15577 24211 D mali_gralloc: register: id=2490000637d, handle=0x7cda297320, importpid=15577
06-27 09:30:49.829 15577 24211 D mali_gralloc: register: id=2490000637e, handle=0x7cda297860, importpid=15577
06-27 09:30:49.831 15577 24211 D mali_gralloc: register: id=2490000637f, handle=0x7ccf2371c0, importpid=15577
06-27 09:30:50.520 15577 15577 W WindowOnBackDispatcher: sendCancelIfRunning: isInProgress=false callback=android.view.ViewRootImpl$$ExternalSyntheticLambda11@52d997
06-27 09:30:50.522 15577 15594 D mali_gralloc: unregister: id=2490000636d, handle=0x7ccb381840, base=0x0, importpid=15577, clone_count=0
06-27 09:30:50.522 15577 15594 D mali_gralloc: unregister: id=2490000636c, handle=0x7ccb381760, base=0x0, importpid=15577, clone_count=0
06-27 09:30:50.523 15577 15577 D mali_gralloc: unregister: id=2490000636e, handle=0x7ccb381920, base=0x0, importpid=15577, clone_count=0
06-27 09:30:50.523 15577 15577 D mali_gralloc: unregister: id=2490000636f, handle=0x7ccb381a00, base=0x0, importpid=15577, clone_count=0
06-27 09:30:50.778 15577 15577 W WindowOnBackDispatcher: sendCancelIfRunning: isInProgress=false callback=android.view.ViewRootImpl$$ExternalSyntheticLambda11@4869986
06-27 09:30:50.780 15577 15594 D mali_gralloc: unregister: id=2490000637f, handle=0x7ccf2371c0, base=0x0, importpid=15577, clone_count=0
06-27 09:30:50.781 15577 15594 D HWUI    : endAllActiveAnimators on 0x7d64034a00 (RippleDrawable) with handle 0x7ccb104c40
06-27 09:30:50.797 15577 23584 D mali_gralloc: unregister: id=2490000637e, handle=0x7cda297860, base=0x0, importpid=15577, clone_count=0
06-27 09:30:50.798 15577 23584 D mali_gralloc: unregister: id=2490000637c, handle=0x7cda295720, base=0x0, importpid=15577, clone_count=0
06-27 09:30:50.799 15577 23584 D mali_gralloc: unregister: id=2490000637d, handle=0x7cda297320, base=0x0, importpid=15577, clone_count=0
06-27 09:30:52.587 24230 24230 W bash    : type=1400 audit(0.0:437590): avc:  granted  { execute } for  name="coreutils" dev="dm-52" ino=223154 scontext=u:r:untrusted_app_27:s0:c87,c257,c512,c768 tcontext=u:object_r:app_data_file:s0:c87,c257,c512,c768 tclass=file app=com.termux
06-27 09:30:52.591 24230 24230 W bash    : type=1400 audit(0.0:437591): avc:  granted  { execute } for  name="coreutils" dev="dm-52" ino=223154 scontext=u:r:untrusted_app_27:s0:c87,c257,c512,c768 tcontext=u:object_r:app_data_file:s0:c87,c257,c512,c768 tclass=file app=com.termux
06-27 09:30:52.591 24230 24230 W bash    : type=1400 audit(0.0:437592): avc:  granted  { execute_no_trans } for  path="/data/data/com.termux/files/usr/bin/coreutils" dev="dm-52" ino=223154 scontext=u:r:untrusted_app_27:s0:c87,c257,c512,c768 tcontext=u:object_r:app_data_file:s0:c87,c257,c512,c768 tclass=file app=com.termux
06-27 09:30:52.591 24230 24230 W date    : type=1400 audit(0.0:437593): avc:  granted  { execute } for  path="/data/data/com.termux/files/usr/bin/coreutils" dev="dm-52" ino=223154 scontext=u:r:untrusted_app_27:s0:c87,c257,c512,c768 tcontext=u:object_r:app_data_file:s0:c87,c257,c512,c768 tclass=file app=com.termux
06-27 09:30:52.595 24231 24231 W bash    : type=1400 audit(0.0:437594): avc:  granted  { execute } for  name="coreutils" dev="dm-52" ino=223154 scontext=u:r:untrusted_app_27:s0:c87,c257,c512,c768 tcontext=u:object_r:app_data_file:s0:c87,c257,c512,c768 tclass=file app=com.termux
06-27 09:30:52.595 24231 24231 W bash    : type=1400 audit(0.0:437595): avc:  granted  { execute } for  name="coreutils" dev="dm-52" ino=223154 scontext=u:r:untrusted_app_27:s0:c87,c257,c512,c768 tcontext=u:object_r:app_data_file:s0:c87,c257,c512,c768 tclass=file app=com.termux
06-27 09:30:53.165 15577 15594 D mali_gralloc: unregister: id=24900006348, handle=0x7ccb380180, base=0x0, importpid=15577, clone_count=0
06-27 09:30:53.166 15577 15594 D mali_gralloc: unregister: id=2490000634b, handle=0x7ccb380500, base=0x0, importpid=15577, clone_count=0
06-27 09:30:53.167 15577 15594 D mali_gralloc: unregister: id=24900006349, handle=0x7ccb380260, base=0x0, importpid=15577, clone_count=0
06-27 09:30:53.168 15577 15594 D mali_gralloc: unregister: id=2490000634a, handle=0x7ccb380420, base=0x0, importpid=15577, clone_count=0
06-27 09:30:53.180 15577 15577 D InsetsController: hide(ime(), fromIme=true)
06-27 09:30:53.204 15577 15577 D VRI[PopupWindow:b9a7218]: visibilityChanged oldVisibility=true newVisibility=false
06-27 09:30:53.204 15577 15577 D VRI[PopupWindow:52a0f13]: visibilityChanged oldVisibility=true newVisibility=false
06-27 09:30:53.223 15577 15594 D mali_gralloc: unregister: id=24900006347, handle=0x7cda2976a0, base=0x0, importpid=15577, clone_count=0
06-27 09:30:53.223 15577 15594 D mali_gralloc: unregister: id=24900006346, handle=0x7cda295fe0, base=0x0, importpid=15577, clone_count=0
06-27 09:30:53.224 15577 15594 D mali_gralloc: unregister: id=24900006345, handle=0x7cda295c60, base=0x0, importpid=15577, clone_count=0
06-27 09:30:53.224 15577 15594 D mali_gralloc: unregister: id=24900006344, handle=0x7cda2959c0, base=0x0, importpid=15577, clone_count=0
06-27 09:30:53.234 15577 15594 D mali_gralloc: unregister: id=24900006343, handle=0x7cda293340, base=0x0, importpid=15577, clone_count=0
06-27 09:30:53.234 15577 15594 D mali_gralloc: unregister: id=24900006342, handle=0x7cda2928c0, base=0x0, importpid=15577, clone_count=0
06-27 09:30:53.234 15577 15594 D mali_gralloc: unregister: id=24900006341, handle=0x7cda2927e0, base=0x0, importpid=15577, clone_count=0
06-27 09:30:53.234 15577 15594 D mali_gralloc: unregister: id=24900006340, handle=0x7cda292540, base=0x0, importpid=15577, clone_count=0
06-27 09:30:53.240 15577 15577 I ImeTracker: com.gogo.launcher:c67b4aff: onCancelled at PHASE_CLIENT_ANIMATION_CANCEL
06-27 09:30:53.241 15577 15577 I ImeTracker: com.termux:dc9f7ba8: onRequestHide at ORIGIN_CLIENT reason HIDE_SOFT_INPUT_ON_ANIMATION_STATE_CHANGED fromUser false
06-27 09:30:53.242 15577 15577 I ImeTracker: com.termux:dc9f7ba8: onFailed at PHASE_CLIENT_VIEW_SERVED
